


-bash-4.2$ ls
#T+_1
V300033284_L2_HK500RDARAzyaEABMRAAPEI-574_1.fq.gz
V300033284_L2_HK500RDARAzyaEABMRAAPEI-574_2.fq.gz
V300033284_L3_HK500RDARAzyaEABMRAAPEI-574_1.fq.gz
V300033284_L3_HK500RDARAzyaEABMRAAPEI-574_2.fq.gz

/data5/F19FTSUSAT1245/F19FTSUSAT1245_ARAzyaE/Clean/T+_1/V300033284_L2_HK500RDARAzyaEABMRAAPEI-574_1.fq.gz
/data5/F19FTSUSAT1245/F19FTSUSAT1245_ARAzyaE/Clean/T+_1/V300033284_L2_HK500RDARAzyaEABMRAAPEI-574_2.fq.gz
/data5/F19FTSUSAT1245/F19FTSUSAT1245_ARAzyaE/Clean/T+_1/V300033284_L3_HK500RDARAzyaEABMRAAPEI-574_1.fq.gz
/data5/F19FTSUSAT1245/F19FTSUSAT1245_ARAzyaE/Clean/T+_1/V300033284_L3_HK500RDARAzyaEABMRAAPEI-574_2.fq.gz

-bash-4.2$ cd ..
-bash-4.2$ ls T+_2

V300033284_L1_HK500RDARAzyaEABQRAAPEI-575_1.fq.gz
V300033284_L1_HK500RDARAzyaEABQRAAPEI-575_2.fq.gz
V300033293_L4_HK500RDARAzyaEABQRAAPEI-575_1.fq.gz
V300033293_L4_HK500RDARAzyaEABQRAAPEI-575_2.fq.gz

/data5/F19FTSUSAT1245/F19FTSUSAT1245_ARAzyaE/Clean/T+_2/V300033284_L1_HK500RDARAzyaEABQRAAPEI-575_1.fq.gz
/data5/F19FTSUSAT1245/F19FTSUSAT1245_ARAzyaE/Clean/T+_2/V300033284_L1_HK500RDARAzyaEABQRAAPEI-575_2.fq.gz
/data5/F19FTSUSAT1245/F19FTSUSAT1245_ARAzyaE/Clean/T+_2/V300033293_L4_HK500RDARAzyaEABQRAAPEI-575_1.fq.gz
/data5/F19FTSUSAT1245/F19FTSUSAT1245_ARAzyaE/Clean/T+_2/V300033293_L4_HK500RDARAzyaEABQRAAPEI-575_2.fq.gz

-bash-4.2$ ls T+_3
V300033284_L1_HK500RDARAzyaEABNRAAPEI-576_1.fq.gz
V300033284_L1_HK500RDARAzyaEABNRAAPEI-576_2.fq.gz
V300033293_L4_HK500RDARAzyaEABNRAAPEI-576_1.fq.gz
V300033293_L4_HK500RDARAzyaEABNRAAPEI-576_2.fq.gz

/data5/F19FTSUSAT1245/F19FTSUSAT1245_ARAzyaE/Clean/T+_3/V300033284_L1_HK500RDARAzyaEABNRAAPEI-576_1.fq.gz
/data5/F19FTSUSAT1245/F19FTSUSAT1245_ARAzyaE/Clean/T+_3/V300033284_L1_HK500RDARAzyaEABNRAAPEI-576_2.fq.gz
/data5/F19FTSUSAT1245/F19FTSUSAT1245_ARAzyaE/Clean/T+_3/V300033293_L4_HK500RDARAzyaEABNRAAPEI-576_1.fq.gz
/data5/F19FTSUSAT1245/F19FTSUSAT1245_ARAzyaE/Clean/T+_3/V300033293_L4_HK500RDARAzyaEABNRAAPEI-576_2.fq.gz

-bash-4.2$ ls T+_4
V300033284_L1_HK500RDARAzyaEABORAAPEI-577_1.fq.gz
V300033284_L1_HK500RDARAzyaEABORAAPEI-577_2.fq.gz
V300033293_L4_HK500RDARAzyaEABORAAPEI-577_1.fq.gz
V300033293_L4_HK500RDARAzyaEABORAAPEI-577_2.fq.gz

/data5/F19FTSUSAT1245/F19FTSUSAT1245_ARAzyaE/Clean/T+_4/V300033284_L1_HK500RDARAzyaEABORAAPEI-577_1.fq.gz
/data5/F19FTSUSAT1245/F19FTSUSAT1245_ARAzyaE/Clean/T+_4/V300033284_L1_HK500RDARAzyaEABORAAPEI-577_2.fq.gz
/data5/F19FTSUSAT1245/F19FTSUSAT1245_ARAzyaE/Clean/T+_4/V300033293_L4_HK500RDARAzyaEABORAAPEI-577_1.fq.gz
/data5/F19FTSUSAT1245/F19FTSUSAT1245_ARAzyaE/Clean/T+_4/V300033293_L4_HK500RDARAzyaEABORAAPEI-577_2.fq.gz

-bash-4.2$ ls T+_5
V300033284_L1_HK500RDARAzyaEABPRAAPEI-578_1.fq.gz
V300033284_L1_HK500RDARAzyaEABPRAAPEI-578_2.fq.gz
V300033293_L4_HK500RDARAzyaEABPRAAPEI-578_1.fq.gz
V300033293_L4_HK500RDARAzyaEABPRAAPEI-578_2.fq.gz

/data5/F19FTSUSAT1245/F19FTSUSAT1245_ARAzyaE/Clean/T+_5/V300033284_L1_HK500RDARAzyaEABPRAAPEI-578_1.fq.gz
/data5/F19FTSUSAT1245/F19FTSUSAT1245_ARAzyaE/Clean/T+_5/V300033284_L1_HK500RDARAzyaEABPRAAPEI-578_2.fq.gz
/data5/F19FTSUSAT1245/F19FTSUSAT1245_ARAzyaE/Clean/T+_5/V300033293_L4_HK500RDARAzyaEABPRAAPEI-578_1.fq.gz
/data5/F19FTSUSAT1245/F19FTSUSAT1245_ARAzyaE/Clean/T+_5/V300033293_L4_HK500RDARAzyaEABPRAAPEI-578_2.fq.gz

-bash-4.2$ ls T+_6
ls: cannot access T+_6: No such file or directory

-bash-4.2$ ls Gen1_1
V300033284_L4_HK500RDARAzyaEABURAAPEI-580_1.fq.gz
V300033284_L4_HK500RDARAzyaEABURAAPEI-580_2.fq.gz
V300033323_L1_HK500RDARAzyaEABURAAPEI-580_1.fq.gz
V300033323_L1_HK500RDARAzyaEABURAAPEI-580_2.fq.gz
V300033323_L2_HK500RDARAzyaEABURAAPEI-580_1.fq.gz
V300033323_L2_HK500RDARAzyaEABURAAPEI-580_2.fq.gz

/data5/F19FTSUSAT1245/F19FTSUSAT1245_ARAzyaE/Clean/Gen1_1/V300033284_L4_HK500RDARAzyaEABURAAPEI-580_1.fq.gz 
/data5/F19FTSUSAT1245/F19FTSUSAT1245_ARAzyaE/Clean/Gen1_1/V300033284_L4_HK500RDARAzyaEABURAAPEI-580_2.fq.gz 
/data5/F19FTSUSAT1245/F19FTSUSAT1245_ARAzyaE/Clean/Gen1_1/V300033323_L1_HK500RDARAzyaEABURAAPEI-580_1.fq.gz 
/data5/F19FTSUSAT1245/F19FTSUSAT1245_ARAzyaE/Clean/Gen1_1/V300033323_L1_HK500RDARAzyaEABURAAPEI-580_2.fq.gz 
/data5/F19FTSUSAT1245/F19FTSUSAT1245_ARAzyaE/Clean/Gen1_1/V300033323_L2_HK500RDARAzyaEABURAAPEI-580_1.fq.gz 
/data5/F19FTSUSAT1245/F19FTSUSAT1245_ARAzyaE/Clean/Gen1_1/V300033323_L2_HK500RDARAzyaEABURAAPEI-580_2.fq.gz

-bash-4.2$ ls Gen1_2
V300033284_L4_HK500RDARAzyaEABSRAAPEI-581_1.fq.gz
V300033284_L4_HK500RDARAzyaEABSRAAPEI-581_2.fq.gz
V300033323_L1_HK500RDARAzyaEABSRAAPEI-581_1.fq.gz
V300033323_L1_HK500RDARAzyaEABSRAAPEI-581_2.fq.gz
V300033323_L2_HK500RDARAzyaEABSRAAPEI-581_1.fq.gz
V300033323_L2_HK500RDARAzyaEABSRAAPEI-581_2.fq.gz

/data5/F19FTSUSAT1245/F19FTSUSAT1245_ARAzyaE/Clean/Gen1_2/V300033284_L4_HK500RDARAzyaEABSRAAPEI-581_1.fq.gz 
/data5/F19FTSUSAT1245/F19FTSUSAT1245_ARAzyaE/Clean/Gen1_2/V300033284_L4_HK500RDARAzyaEABSRAAPEI-581_2.fq.gz 
/data5/F19FTSUSAT1245/F19FTSUSAT1245_ARAzyaE/Clean/Gen1_2/V300033323_L1_HK500RDARAzyaEABSRAAPEI-581_1.fq.gz 
/data5/F19FTSUSAT1245/F19FTSUSAT1245_ARAzyaE/Clean/Gen1_2/V300033323_L1_HK500RDARAzyaEABSRAAPEI-581_2.fq.gz 
/data5/F19FTSUSAT1245/F19FTSUSAT1245_ARAzyaE/Clean/Gen1_2/V300033323_L2_HK500RDARAzyaEABSRAAPEI-581_1.fq.gz 
/data5/F19FTSUSAT1245/F19FTSUSAT1245_ARAzyaE/Clean/Gen1_2/V300033323_L2_HK500RDARAzyaEABSRAAPEI-581_2.fq.gz

-bash-4.2$ ls Gen1_3
V300033284_L4_HK500RDARAzyaEABTRAAPEI-582_1.fq.gz
V300033284_L4_HK500RDARAzyaEABTRAAPEI-582_2.fq.gz
V300033323_L1_HK500RDARAzyaEABTRAAPEI-582_1.fq.gz
V300033323_L1_HK500RDARAzyaEABTRAAPEI-582_2.fq.gz
V300033323_L2_HK500RDARAzyaEABTRAAPEI-582_1.fq.gz
V300033323_L2_HK500RDARAzyaEABTRAAPEI-582_2.fq.gz

/data5/F19FTSUSAT1245/F19FTSUSAT1245_ARAzyaE/Clean/Gen1_3/V300033284_L4_HK500RDARAzyaEABTRAAPEI-582_1.fq.gz 
/data5/F19FTSUSAT1245/F19FTSUSAT1245_ARAzyaE/Clean/Gen1_3/V300033284_L4_HK500RDARAzyaEABTRAAPEI-582_2.fq.gz 
/data5/F19FTSUSAT1245/F19FTSUSAT1245_ARAzyaE/Clean/Gen1_3/V300033323_L1_HK500RDARAzyaEABTRAAPEI-582_1.fq.gz 
/data5/F19FTSUSAT1245/F19FTSUSAT1245_ARAzyaE/Clean/Gen1_3/V300033323_L1_HK500RDARAzyaEABTRAAPEI-582_2.fq.gz 
/data5/F19FTSUSAT1245/F19FTSUSAT1245_ARAzyaE/Clean/Gen1_3/V300033323_L2_HK500RDARAzyaEABTRAAPEI-582_1.fq.gz 
/data5/F19FTSUSAT1245/F19FTSUSAT1245_ARAzyaE/Clean/Gen1_3/V300033323_L2_HK500RDARAzyaEABTRAAPEI-582_2.fq.gz

-bash-4.2$ ls Gen1_4
ls: cannot access Gen1_4: No such file or directory
-bash-4.2$ ls Gen2_1
V300033284_L4_HK500RDARAzyaEAAHRAAPEI-583_1.fq.gz
V300033284_L4_HK500RDARAzyaEAAHRAAPEI-583_2.fq.gz
V300033323_L1_HK500RDARAzyaEAAHRAAPEI-583_1.fq.gz
V300033323_L1_HK500RDARAzyaEAAHRAAPEI-583_2.fq.gz
V300033323_L2_HK500RDARAzyaEAAHRAAPEI-583_1.fq.gz
V300033323_L2_HK500RDARAzyaEAAHRAAPEI-583_2.fq.gz

/data5/F19FTSUSAT1245/F19FTSUSAT1245_ARAzyaE/Clean/Gen2_1/V300033284_L4_HK500RDARAzyaEAAHRAAPEI-583_1.fq.gz 
/data5/F19FTSUSAT1245/F19FTSUSAT1245_ARAzyaE/Clean/Gen2_1/V300033284_L4_HK500RDARAzyaEAAHRAAPEI-583_2.fq.gz 
/data5/F19FTSUSAT1245/F19FTSUSAT1245_ARAzyaE/Clean/Gen2_1/V300033323_L1_HK500RDARAzyaEAAHRAAPEI-583_1.fq.gz 
/data5/F19FTSUSAT1245/F19FTSUSAT1245_ARAzyaE/Clean/Gen2_1/V300033323_L1_HK500RDARAzyaEAAHRAAPEI-583_2.fq.gz 
/data5/F19FTSUSAT1245/F19FTSUSAT1245_ARAzyaE/Clean/Gen2_1/V300033323_L2_HK500RDARAzyaEAAHRAAPEI-583_1.fq.gz 
/data5/F19FTSUSAT1245/F19FTSUSAT1245_ARAzyaE/Clean/Gen2_1/V300033323_L2_HK500RDARAzyaEAAHRAAPEI-583_2.fq.gz

-bash-4.2$ ls Gen2_2
V300033284_L4_HK500RDARAzyaEAAERAAPEI-584_1.fq.gz
V300033284_L4_HK500RDARAzyaEAAERAAPEI-584_2.fq.gz
V300033323_L1_HK500RDARAzyaEAAERAAPEI-584_1.fq.gz
V300033323_L1_HK500RDARAzyaEAAERAAPEI-584_2.fq.gz
V300033323_L2_HK500RDARAzyaEAAERAAPEI-584_1.fq.gz
V300033323_L2_HK500RDARAzyaEAAERAAPEI-584_2.fq.gz

/data5/F19FTSUSAT1245/F19FTSUSAT1245_ARAzyaE/Clean/Gen2_2/V300033284_L4_HK500RDARAzyaEAAERAAPEI-584_1.fq.gz 
/data5/F19FTSUSAT1245/F19FTSUSAT1245_ARAzyaE/Clean/Gen2_2/V300033284_L4_HK500RDARAzyaEAAERAAPEI-584_2.fq.gz 
/data5/F19FTSUSAT1245/F19FTSUSAT1245_ARAzyaE/Clean/Gen2_2/V300033323_L1_HK500RDARAzyaEAAERAAPEI-584_1.fq.gz 
/data5/F19FTSUSAT1245/F19FTSUSAT1245_ARAzyaE/Clean/Gen2_2/V300033323_L1_HK500RDARAzyaEAAERAAPEI-584_2.fq.gz 
/data5/F19FTSUSAT1245/F19FTSUSAT1245_ARAzyaE/Clean/Gen2_2/V300033323_L2_HK500RDARAzyaEAAERAAPEI-584_1.fq.gz 
/data5/F19FTSUSAT1245/F19FTSUSAT1245_ARAzyaE/Clean/Gen2_2/V300033323_L2_HK500RDARAzyaEAAERAAPEI-584_2.fq.gz

-bash-4.2$ ls Gen2_3
V300033284_L4_HK500RDARAzyaEAAFRAAPEI-585_1.fq.gz
V300033284_L4_HK500RDARAzyaEAAFRAAPEI-585_2.fq.gz
V300033323_L1_HK500RDARAzyaEAAFRAAPEI-585_1.fq.gz
V300033323_L1_HK500RDARAzyaEAAFRAAPEI-585_2.fq.gz
V300033323_L2_HK500RDARAzyaEAAFRAAPEI-585_1.fq.gz
V300033323_L2_HK500RDARAzyaEAAFRAAPEI-585_2.fq.gz

/data5/F19FTSUSAT1245/F19FTSUSAT1245_ARAzyaE/Clean/Gen2_3/V300033284_L4_HK500RDARAzyaEAAFRAAPEI-585_1.fq.gz 
/data5/F19FTSUSAT1245/F19FTSUSAT1245_ARAzyaE/Clean/Gen2_3/V300033284_L4_HK500RDARAzyaEAAFRAAPEI-585_2.fq.gz 
/data5/F19FTSUSAT1245/F19FTSUSAT1245_ARAzyaE/Clean/Gen2_3/V300033323_L1_HK500RDARAzyaEAAFRAAPEI-585_1.fq.gz 
/data5/F19FTSUSAT1245/F19FTSUSAT1245_ARAzyaE/Clean/Gen2_3/V300033323_L1_HK500RDARAzyaEAAFRAAPEI-585_2.fq.gz 
/data5/F19FTSUSAT1245/F19FTSUSAT1245_ARAzyaE/Clean/Gen2_3/V300033323_L2_HK500RDARAzyaEAAFRAAPEI-585_1.fq.gz 
/data5/F19FTSUSAT1245/F19FTSUSAT1245_ARAzyaE/Clean/Gen2_3/V300033323_L2_HK500RDARAzyaEAAFRAAPEI-585_2.fq.gz

-bash-4.2$ ls Gen2_4
V300033284_L4_HK500RDARAzyaEAAGRAAPEI-587_1.fq.gz
V300033284_L4_HK500RDARAzyaEAAGRAAPEI-587_2.fq.gz
V300033323_L1_HK500RDARAzyaEAAGRAAPEI-587_1.fq.gz
V300033323_L1_HK500RDARAzyaEAAGRAAPEI-587_2.fq.gz
V300033323_L2_HK500RDARAzyaEAAGRAAPEI-587_1.fq.gz
V300033323_L2_HK500RDARAzyaEAAGRAAPEI-587_2.fq.gz

/data5/F19FTSUSAT1245/F19FTSUSAT1245_ARAzyaE/Clean/Gen2_4/V300033284_L4_HK500RDARAzyaEAAGRAAPEI-587_1.fq.gz 
/data5/F19FTSUSAT1245/F19FTSUSAT1245_ARAzyaE/Clean/Gen2_4/V300033284_L4_HK500RDARAzyaEAAGRAAPEI-587_2.fq.gz 
/data5/F19FTSUSAT1245/F19FTSUSAT1245_ARAzyaE/Clean/Gen2_4/V300033323_L1_HK500RDARAzyaEAAGRAAPEI-587_1.fq.gz 
/data5/F19FTSUSAT1245/F19FTSUSAT1245_ARAzyaE/Clean/Gen2_4/V300033323_L1_HK500RDARAzyaEAAGRAAPEI-587_2.fq.gz 
/data5/F19FTSUSAT1245/F19FTSUSAT1245_ARAzyaE/Clean/Gen2_4/V300033323_L2_HK500RDARAzyaEAAKRAAPEI-587_1.fq.gz 
/data5/F19FTSUSAT1245/F19FTSUSAT1245_ARAzyaE/Clean/Gen2_4/V300033323_L2_HK500RDARAzyaEAAKRAAPEI-587_2.fq.gz

-bash-4.2$ ls Gen2_5
V300033284_L4_HK500RDARAzyaEAALRAAPEI-588_1.fq.gz
V300033284_L4_HK500RDARAzyaEAALRAAPEI-588_2.fq.gz
V300033323_L1_HK500RDARAzyaEAALRAAPEI-588_1.fq.gz
V300033323_L1_HK500RDARAzyaEAALRAAPEI-588_2.fq.gz
V300033323_L2_HK500RDARAzyaEAALRAAPEI-588_1.fq.gz
V300033323_L2_HK500RDARAzyaEAALRAAPEI-588_2.fq.gz

/data5/F19FTSUSAT1245/F19FTSUSAT1245_ARAzyaE/Clean/Gen2_5/V300033284_L4_HK500RDARAzyaEAALRAAPEI-588_1.fq.gz
/data5/F19FTSUSAT1245/F19FTSUSAT1245_ARAzyaE/Clean/Gen2_5/V300033284_L4_HK500RDARAzyaEAALRAAPEI-588_2.fq.gz
/data5/F19FTSUSAT1245/F19FTSUSAT1245_ARAzyaE/Clean/Gen2_5/V300033323_L1_HK500RDARAzyaEAALRAAPEI-588_1.fq.gz
/data5/F19FTSUSAT1245/F19FTSUSAT1245_ARAzyaE/Clean/Gen2_5/V300033323_L1_HK500RDARAzyaEAALRAAPEI-588_2.fq.gz
/data5/F19FTSUSAT1245/F19FTSUSAT1245_ARAzyaE/Clean/Gen2_5/V300033323_L2_HK500RDARAzyaEAALRAAPEI-588_1.fq.gz
/data5/F19FTSUSAT1245/F19FTSUSAT1245_ARAzyaE/Clean/Gen2_5/V300033323_L2_HK500RDARAzyaEAALRAAPEI-588_2.fq.gz

-bash-4.2$ ls Gen2_6
V300033284_L4_HK500RDARAzyaEAAIRAAPEI-589_1.fq.gz
V300033284_L4_HK500RDARAzyaEAAIRAAPEI-589_2.fq.gz
V300033323_L1_HK500RDARAzyaEAAIRAAPEI-589_1.fq.gz
V300033323_L1_HK500RDARAzyaEAAIRAAPEI-589_2.fq.gz
V300033323_L2_HK500RDARAzyaEAAIRAAPEI-589_1.fq.gz
V300033323_L2_HK500RDARAzyaEAAIRAAPEI-589_2.fq.gz

/data5/F19FTSUSAT1245/F19FTSUSAT1245_ARAzyaE/Clean/Gen2_6/V300033284_L4_HK500RDARAzyaEAAIRAAPEI-589_1.fq.gz
/data5/F19FTSUSAT1245/F19FTSUSAT1245_ARAzyaE/Clean/Gen2_6/V300033284_L4_HK500RDARAzyaEAAIRAAPEI-589_2.fq.gz
/data5/F19FTSUSAT1245/F19FTSUSAT1245_ARAzyaE/Clean/Gen2_6/V300033323_L1_HK500RDARAzyaEAAIRAAPEI-589_1.fq.gz
/data5/F19FTSUSAT1245/F19FTSUSAT1245_ARAzyaE/Clean/Gen2_6/V300033323_L1_HK500RDARAzyaEAAIRAAPEI-589_2.fq.gz
/data5/F19FTSUSAT1245/F19FTSUSAT1245_ARAzyaE/Clean/Gen2_6/V300033323_L2_HK500RDARAzyaEAAIRAAPEI-589_1.fq.gz
/data5/F19FTSUSAT1245/F19FTSUSAT1245_ARAzyaE/Clean/Gen2_6/V300033323_L2_HK500RDARAzyaEAAIRAAPEI-589_2.fq.gz

-bash-4.2$ ls Gen2_7
V300033284_L4_HK500RDARAzyaEAAJRAAPEI-590_1.fq.gz
V300033284_L4_HK500RDARAzyaEAAJRAAPEI-590_2.fq.gz
V300033323_L1_HK500RDARAzyaEAAJRAAPEI-590_1.fq.gz
V300033323_L1_HK500RDARAzyaEAAJRAAPEI-590_2.fq.gz
V300033323_L2_HK500RDARAzyaEAAJRAAPEI-590_1.fq.gz
V300033323_L2_HK500RDARAzyaEAAJRAAPEI-590_2.fq.gz

/data5/F19FTSUSAT1245/F19FTSUSAT1245_ARAzyaE/Clean/Gen2_7/V300033284_L4_HK500RDARAzyaEAAJRAAPEI-590_1.fq.gz
/data5/F19FTSUSAT1245/F19FTSUSAT1245_ARAzyaE/Clean/Gen2_7/V300033284_L4_HK500RDARAzyaEAAJRAAPEI-590_2.fq.gz
/data5/F19FTSUSAT1245/F19FTSUSAT1245_ARAzyaE/Clean/Gen2_7/V300033323_L1_HK500RDARAzyaEAAJRAAPEI-590_1.fq.gz
/data5/F19FTSUSAT1245/F19FTSUSAT1245_ARAzyaE/Clean/Gen2_7/V300033323_L1_HK500RDARAzyaEAAJRAAPEI-590_2.fq.gz
/data5/F19FTSUSAT1245/F19FTSUSAT1245_ARAzyaE/Clean/Gen2_7/V300033323_L2_HK500RDARAzyaEAAJRAAPEI-590_1.fq.gz
/data5/F19FTSUSAT1245/F19FTSUSAT1245_ARAzyaE/Clean/Gen2_7/V300033323_L2_HK500RDARAzyaEAAJRAAPEI-590_2.fq.gz

-bash-4.2$ ls Gen2_8
V300033284_L4_HK500RDARAzyaEAAKRAAPEI-591_1.fq.gz
V300033284_L4_HK500RDARAzyaEAAKRAAPEI-591_2.fq.gz
V300033323_L1_HK500RDARAzyaEAAKRAAPEI-591_1.fq.gz
V300033323_L1_HK500RDARAzyaEAAKRAAPEI-591_2.fq.gz
V300033323_L2_HK500RDARAzyaEAAKRAAPEI-591_1.fq.gz
V300033323_L2_HK500RDARAzyaEAAKRAAPEI-591_2.fq.gz

/data5/F19FTSUSAT1245/F19FTSUSAT1245_ARAzyaE/Clean/Gen2_8/V300033284_L4_HK500RDARAzyaEAAKRAAPEI-591_1.fq.gz
/data5/F19FTSUSAT1245/F19FTSUSAT1245_ARAzyaE/Clean/Gen2_8/V300033284_L4_HK500RDARAzyaEAAKRAAPEI-591_2.fq.gz
/data5/F19FTSUSAT1245/F19FTSUSAT1245_ARAzyaE/Clean/Gen2_8/V300033323_L1_HK500RDARAzyaEAAKRAAPEI-591_1.fq.gz
/data5/F19FTSUSAT1245/F19FTSUSAT1245_ARAzyaE/Clean/Gen2_8/V300033323_L1_HK500RDARAzyaEAAKRAAPEI-591_2.fq.gz
/data5/F19FTSUSAT1245/F19FTSUSAT1245_ARAzyaE/Clean/Gen2_8/V300033323_L2_HK500RDARAzyaEAAKRAAPEI-591_1.fq.gz
/data5/F19FTSUSAT1245/F19FTSUSAT1245_ARAzyaE/Clean/Gen2_8/V300033323_L2_HK500RDARAzyaEAAKRAAPEI-591_2.fq.gz
